---
source: fcomm/src/lib.rs
expression: input
---
{
  "expr": {
    "Source": "(+ 1 2)"
  }
}
