---
source: fcomm/src/lib.rs
expression: c
---
"000000000000000000000000000000000000000000000000000000000000007b"
