---
source: fcomm/src/lib.rs
expression: req
---
{
  "commitment": "000000000000000000000000000000000000000000000000000000000000007b",
  "input": {
    "expr": {
      "Source": "(+ 1 2)"
    }
  },
  "chain": true
}
